// Jest Snapshot v1, https://goo.gl/fbAQLP

exports[`<LogoCloud /> renders 1`] = `
<DocumentFragment>
  <div
    class="bg-gray-100"
  >
    <div
      class="px-4 py-16 mx-auto max-w-7xl sm:px-6 lg:px-8"
    >
      <p
        class="text-sm font-semibold tracking-wide text-center text-gray-500 uppercase"
      >
        Trusted by over 5 very average small businesses
      </p>
      <div
        class="mt-6 grid grid-cols-2 gap-8 md:grid-cols-6 lg:grid-cols-5"
      >
        <div
          class="flex justify-center col-span-1 md:col-span-2 lg:col-span-1"
        >
          <img
            alt="Tuple"
            class="h-12"
            src="https://tailwindui.com/img/logos/tuple-logo-gray-400.svg"
          />
        </div>
        <div
          class="flex justify-center col-span-1 md:col-span-2 lg:col-span-1"
        >
          <img
            alt="Mirage"
            class="h-12"
            src="https://tailwindui.com/img/logos/mirage-logo-gray-400.svg"
          />
        </div>
        <div
          class="flex justify-center col-span-1 md:col-span-2 lg:col-span-1"
        >
          <img
            alt="StaticKit"
            class="h-12"
            src="https://tailwindui.com/img/logos/statickit-logo-gray-400.svg"
          />
        </div>
        <div
          class="flex justify-center col-span-1 md:col-span-2 md:col-start-2 lg:col-span-1"
        >
          <img
            alt="Transistor"
            class="h-12"
            src="https://tailwindui.com/img/logos/transistor-logo-gray-400.svg"
          />
        </div>
        <div
          class="flex justify-center col-span-2 md:col-span-2 md:col-start-4 lg:col-span-1"
        >
          <img
            alt="Workcation"
            class="h-12"
            src="https://tailwindui.com/img/logos/workcation-logo-gray-400.svg"
          />
        </div>
      </div>
    </div>
  </div>
</DocumentFragment>
`;
